[2025-02-02T16:09:38.797+0530][gc] Using G1
[2025-02-02T16:09:38.805+0530][gc,init] Version: 17.0.10+7-LTS (release)
[2025-02-02T16:09:38.805+0530][gc,init] CPUs: 4 total, 4 available
[2025-02-02T16:09:38.805+0530][gc,init] Memory: 8192M
[2025-02-02T16:09:38.805+0530][gc,init] Large Page Support: Disabled
[2025-02-02T16:09:38.805+0530][gc,init] NUMA Support: Disabled
[2025-02-02T16:09:38.805+0530][gc,init] Compressed Oops: Enabled (Zero based)
[2025-02-02T16:09:38.805+0530][gc,init] Heap Region Size: 1M
[2025-02-02T16:09:38.805+0530][gc,init] Heap Min Capacity: 1G
[2025-02-02T16:09:38.805+0530][gc,init] Heap Initial Capacity: 1G
[2025-02-02T16:09:38.805+0530][gc,init] Heap Max Capacity: 1G
[2025-02-02T16:09:38.805+0530][gc,init] Pre-touch: Disabled
[2025-02-02T16:09:38.805+0530][gc,init] Parallel Workers: 4
[2025-02-02T16:09:38.805+0530][gc,init] Concurrent Workers: 1
[2025-02-02T16:09:38.806+0530][gc,init] Concurrent Refinement Workers: 4
[2025-02-02T16:09:38.806+0530][gc,init] Periodic GC: Disabled
[2025-02-02T16:09:38.814+0530][gc,metaspace] CDS archive(s) mapped at: [0x000000012e000000-0x000000012ebe8000-0x000000012ebe8000), size 12484608, SharedBaseAddress: 0x000000012e000000, ArchiveRelocationMode: 1.
[2025-02-02T16:09:38.814+0530][gc,metaspace] Compressed class space mapped at: 0x000000012f000000-0x000000016f000000, reserved size: 1073741824
[2025-02-02T16:09:38.814+0530][gc,metaspace] Narrow klass base: 0x000000012e000000, Narrow klass shift: 0, Narrow klass range: 0x100000000
[2025-02-02T16:09:41.456+0530][gc,start    ] GC(0) Pause Young (Normal) (G1 Evacuation Pause)
[2025-02-02T16:09:41.456+0530][gc,task     ] GC(0) Using 4 workers of 4 for evacuation
[2025-02-02T16:09:41.470+0530][gc,phases   ] GC(0)   Pre Evacuate Collection Set: 0.2ms
[2025-02-02T16:09:41.470+0530][gc,phases   ] GC(0)   Merge Heap Roots: 0.1ms
[2025-02-02T16:09:41.470+0530][gc,phases   ] GC(0)   Evacuate Collection Set: 12.6ms
[2025-02-02T16:09:41.470+0530][gc,phases   ] GC(0)   Post Evacuate Collection Set: 0.7ms
[2025-02-02T16:09:41.470+0530][gc,phases   ] GC(0)   Other: 0.8ms
[2025-02-02T16:09:41.470+0530][gc,heap     ] GC(0) Eden regions: 51->0(44)
[2025-02-02T16:09:41.470+0530][gc,heap     ] GC(0) Survivor regions: 0->7(7)
[2025-02-02T16:09:41.470+0530][gc,heap     ] GC(0) Old regions: 0->2
[2025-02-02T16:09:41.470+0530][gc,heap     ] GC(0) Archive regions: 2->2
[2025-02-02T16:09:41.471+0530][gc,heap     ] GC(0) Humongous regions: 0->0
[2025-02-02T16:09:41.471+0530][gc,metaspace] GC(0) Metaspace: 17881K(18176K)->17881K(18176K) NonClass: 15714K(15872K)->15714K(15872K) Class: 2166K(2304K)->2166K(2304K)
[2025-02-02T16:09:41.471+0530][gc          ] GC(0) Pause Young (Normal) (G1 Evacuation Pause) 51M->9M(1024M) 14.679ms
[2025-02-02T16:09:41.471+0530][gc,cpu      ] GC(0) User=0.04s Sys=0.01s Real=0.02s
[2025-02-02T16:09:42.061+0530][gc,start    ] GC(1) Pause Young (Concurrent Start) (Metadata GC Threshold)
[2025-02-02T16:09:42.061+0530][gc,task     ] GC(1) Using 4 workers of 4 for evacuation
[2025-02-02T16:09:42.068+0530][gc,phases   ] GC(1)   Pre Evacuate Collection Set: 0.1ms
[2025-02-02T16:09:42.068+0530][gc,phases   ] GC(1)   Merge Heap Roots: 0.1ms
[2025-02-02T16:09:42.068+0530][gc,phases   ] GC(1)   Evacuate Collection Set: 6.9ms
[2025-02-02T16:09:42.068+0530][gc,phases   ] GC(1)   Post Evacuate Collection Set: 0.5ms
[2025-02-02T16:09:42.068+0530][gc,phases   ] GC(1)   Other: 0.3ms
[2025-02-02T16:09:42.068+0530][gc,heap     ] GC(1) Eden regions: 15->0(49)
[2025-02-02T16:09:42.068+0530][gc,heap     ] GC(1) Survivor regions: 7->2(7)
[2025-02-02T16:09:42.069+0530][gc,heap     ] GC(1) Old regions: 2->9
[2025-02-02T16:09:42.069+0530][gc,heap     ] GC(1) Archive regions: 2->2
[2025-02-02T16:09:42.069+0530][gc,heap     ] GC(1) Humongous regions: 129->129
[2025-02-02T16:09:42.069+0530][gc,metaspace] GC(1) Metaspace: 21287K(21504K)->21287K(21504K) NonClass: 18701K(18816K)->18701K(18816K) Class: 2585K(2688K)->2585K(2688K)
[2025-02-02T16:09:42.069+0530][gc          ] GC(1) Pause Young (Concurrent Start) (Metadata GC Threshold) 152M->139M(1024M) 8.018ms
[2025-02-02T16:09:42.069+0530][gc,cpu      ] GC(1) User=0.03s Sys=0.00s Real=0.00s
[2025-02-02T16:09:42.069+0530][gc          ] GC(2) Concurrent Mark Cycle
[2025-02-02T16:09:42.069+0530][gc,marking  ] GC(2) Concurrent Clear Claimed Marks
[2025-02-02T16:09:42.069+0530][gc,marking  ] GC(2) Concurrent Clear Claimed Marks 0.031ms
[2025-02-02T16:09:42.069+0530][gc,marking  ] GC(2) Concurrent Scan Root Regions
[2025-02-02T16:09:42.074+0530][gc,marking  ] GC(2) Concurrent Scan Root Regions 5.427ms
[2025-02-02T16:09:42.074+0530][gc,marking  ] GC(2) Concurrent Mark
[2025-02-02T16:09:42.074+0530][gc,marking  ] GC(2) Concurrent Mark From Roots
[2025-02-02T16:09:42.074+0530][gc,task     ] GC(2) Using 1 workers of 1 for marking
[2025-02-02T16:09:42.079+0530][gc,marking  ] GC(2) Concurrent Mark From Roots 5.079ms
[2025-02-02T16:09:42.080+0530][gc,marking  ] GC(2) Concurrent Preclean
[2025-02-02T16:09:42.080+0530][gc,marking  ] GC(2) Concurrent Preclean 0.031ms
[2025-02-02T16:09:42.080+0530][gc,start    ] GC(2) Pause Remark
[2025-02-02T16:09:42.081+0530][gc          ] GC(2) Pause Remark 140M->140M(1024M) 1.812ms
[2025-02-02T16:09:42.082+0530][gc,cpu      ] GC(2) User=0.00s Sys=0.00s Real=0.00s
[2025-02-02T16:09:42.082+0530][gc,marking  ] GC(2) Concurrent Mark 7.222ms
[2025-02-02T16:09:42.082+0530][gc,marking  ] GC(2) Concurrent Rebuild Remembered Sets
[2025-02-02T16:09:42.087+0530][gc,marking  ] GC(2) Concurrent Rebuild Remembered Sets 4.993ms
[2025-02-02T16:09:42.087+0530][gc,start    ] GC(2) Pause Cleanup
[2025-02-02T16:09:42.087+0530][gc          ] GC(2) Pause Cleanup 140M->140M(1024M) 0.127ms
[2025-02-02T16:09:42.087+0530][gc,cpu      ] GC(2) User=0.00s Sys=0.00s Real=0.00s
[2025-02-02T16:09:42.087+0530][gc,marking  ] GC(2) Concurrent Cleanup for Next Mark
[2025-02-02T16:09:42.098+0530][gc,marking  ] GC(2) Concurrent Cleanup for Next Mark 10.554ms
[2025-02-02T16:09:42.098+0530][gc          ] GC(2) Concurrent Mark Cycle 28.955ms
[2025-02-02T16:09:44.030+0530][gc,start    ] GC(3) Pause Young (Normal) (G1 Evacuation Pause)
[2025-02-02T16:09:44.030+0530][gc,task     ] GC(3) Using 4 workers of 4 for evacuation
[2025-02-02T16:09:44.041+0530][gc,phases   ] GC(3)   Pre Evacuate Collection Set: 0.1ms
[2025-02-02T16:09:44.041+0530][gc,phases   ] GC(3)   Merge Heap Roots: 0.0ms
[2025-02-02T16:09:44.041+0530][gc,phases   ] GC(3)   Evacuate Collection Set: 9.7ms
[2025-02-02T16:09:44.041+0530][gc,phases   ] GC(3)   Post Evacuate Collection Set: 0.7ms
[2025-02-02T16:09:44.041+0530][gc,phases   ] GC(3)   Other: 0.2ms
[2025-02-02T16:09:44.041+0530][gc,heap     ] GC(3) Eden regions: 49->0(45)
[2025-02-02T16:09:44.041+0530][gc,heap     ] GC(3) Survivor regions: 2->6(7)
[2025-02-02T16:09:44.041+0530][gc,heap     ] GC(3) Old regions: 9->9
[2025-02-02T16:09:44.041+0530][gc,heap     ] GC(3) Archive regions: 2->2
[2025-02-02T16:09:44.041+0530][gc,heap     ] GC(3) Humongous regions: 129->129
[2025-02-02T16:09:44.041+0530][gc,metaspace] GC(3) Metaspace: 32736K(32960K)->32736K(32960K) NonClass: 29084K(29248K)->29084K(29248K) Class: 3651K(3712K)->3651K(3712K)
[2025-02-02T16:09:44.041+0530][gc          ] GC(3) Pause Young (Normal) (G1 Evacuation Pause) 188M->143M(1024M) 10.860ms
[2025-02-02T16:09:44.041+0530][gc,cpu      ] GC(3) User=0.03s Sys=0.00s Real=0.01s
[2025-02-02T16:09:44.345+0530][gc,start    ] GC(4) Pause Young (Concurrent Start) (Metadata GC Threshold)
[2025-02-02T16:09:44.345+0530][gc,task     ] GC(4) Using 4 workers of 4 for evacuation
[2025-02-02T16:09:44.357+0530][gc,phases   ] GC(4)   Pre Evacuate Collection Set: 0.1ms
[2025-02-02T16:09:44.357+0530][gc,phases   ] GC(4)   Merge Heap Roots: 0.0ms
[2025-02-02T16:09:44.357+0530][gc,phases   ] GC(4)   Evacuate Collection Set: 11.3ms
[2025-02-02T16:09:44.357+0530][gc,phases   ] GC(4)   Post Evacuate Collection Set: 0.7ms
[2025-02-02T16:09:44.357+0530][gc,phases   ] GC(4)   Other: 0.2ms
[2025-02-02T16:09:44.357+0530][gc,heap     ] GC(4) Eden regions: 14->0(50)
[2025-02-02T16:09:44.357+0530][gc,heap     ] GC(4) Survivor regions: 6->1(7)
[2025-02-02T16:09:44.357+0530][gc,heap     ] GC(4) Old regions: 9->14
[2025-02-02T16:09:44.358+0530][gc,heap     ] GC(4) Archive regions: 2->2
[2025-02-02T16:09:44.358+0530][gc,heap     ] GC(4) Humongous regions: 129->129
[2025-02-02T16:09:44.358+0530][gc,metaspace] GC(4) Metaspace: 35818K(36096K)->35818K(36096K) NonClass: 31782K(31936K)->31782K(31936K) Class: 4036K(4160K)->4036K(4160K)
[2025-02-02T16:09:44.358+0530][gc          ] GC(4) Pause Young (Concurrent Start) (Metadata GC Threshold) 157M->144M(1024M) 12.750ms
[2025-02-02T16:09:44.358+0530][gc,cpu      ] GC(4) User=0.04s Sys=0.01s Real=0.01s
[2025-02-02T16:09:44.358+0530][gc          ] GC(5) Concurrent Mark Cycle
[2025-02-02T16:09:44.358+0530][gc,marking  ] GC(5) Concurrent Clear Claimed Marks
[2025-02-02T16:09:44.358+0530][gc,marking  ] GC(5) Concurrent Clear Claimed Marks 0.052ms
[2025-02-02T16:09:44.358+0530][gc,marking  ] GC(5) Concurrent Scan Root Regions
[2025-02-02T16:09:44.368+0530][gc,marking  ] GC(5) Concurrent Scan Root Regions 9.700ms
[2025-02-02T16:09:44.368+0530][gc,marking  ] GC(5) Concurrent Mark
[2025-02-02T16:09:44.368+0530][gc,marking  ] GC(5) Concurrent Mark From Roots
[2025-02-02T16:09:44.368+0530][gc,task     ] GC(5) Using 1 workers of 1 for marking
[2025-02-02T16:09:44.386+0530][gc,marking  ] GC(5) Concurrent Mark From Roots 18.130ms
[2025-02-02T16:09:44.386+0530][gc,marking  ] GC(5) Concurrent Preclean
[2025-02-02T16:09:44.386+0530][gc,marking  ] GC(5) Concurrent Preclean 0.172ms
[2025-02-02T16:09:44.386+0530][gc,start    ] GC(5) Pause Remark
[2025-02-02T16:09:44.389+0530][gc          ] GC(5) Pause Remark 145M->145M(1024M) 2.946ms
[2025-02-02T16:09:44.389+0530][gc,cpu      ] GC(5) User=0.02s Sys=0.00s Real=0.00s
[2025-02-02T16:09:44.390+0530][gc,marking  ] GC(5) Concurrent Mark 21.736ms
[2025-02-02T16:09:44.390+0530][gc,marking  ] GC(5) Concurrent Rebuild Remembered Sets
[2025-02-02T16:09:44.404+0530][gc,marking  ] GC(5) Concurrent Rebuild Remembered Sets 14.407ms
[2025-02-02T16:09:44.404+0530][gc,start    ] GC(5) Pause Cleanup
[2025-02-02T16:09:44.404+0530][gc          ] GC(5) Pause Cleanup 145M->145M(1024M) 0.180ms
[2025-02-02T16:09:44.404+0530][gc,cpu      ] GC(5) User=0.00s Sys=0.00s Real=0.00s
[2025-02-02T16:09:44.404+0530][gc,marking  ] GC(5) Concurrent Cleanup for Next Mark
[2025-02-02T16:09:44.420+0530][gc,marking  ] GC(5) Concurrent Cleanup for Next Mark 15.931ms
[2025-02-02T16:09:44.420+0530][gc          ] GC(5) Concurrent Mark Cycle 62.509ms
[2025-02-02T17:47:47.075+0530][gc,start    ] GC(6) Pause Young (Prepare Mixed) (G1 Evacuation Pause)
[2025-02-02T17:47:47.076+0530][gc,task     ] GC(6) Using 4 workers of 4 for evacuation
[2025-02-02T17:47:47.087+0530][gc,phases   ] GC(6)   Pre Evacuate Collection Set: 0.9ms
[2025-02-02T17:47:47.087+0530][gc,phases   ] GC(6)   Merge Heap Roots: 0.1ms
[2025-02-02T17:47:47.087+0530][gc,phases   ] GC(6)   Evacuate Collection Set: 8.7ms
[2025-02-02T17:47:47.087+0530][gc,phases   ] GC(6)   Post Evacuate Collection Set: 0.7ms
[2025-02-02T17:47:47.087+0530][gc,phases   ] GC(6)   Other: 1.2ms
[2025-02-02T17:47:47.087+0530][gc,heap     ] GC(6) Eden regions: 50->0(49)
[2025-02-02T17:47:47.087+0530][gc,heap     ] GC(6) Survivor regions: 1->2(7)
[2025-02-02T17:47:47.087+0530][gc,heap     ] GC(6) Old regions: 14->14
[2025-02-02T17:47:47.087+0530][gc,heap     ] GC(6) Archive regions: 2->2
[2025-02-02T17:47:47.087+0530][gc,heap     ] GC(6) Humongous regions: 129->129
[2025-02-02T17:47:47.087+0530][gc,metaspace] GC(6) Metaspace: 38411K(38720K)->38411K(38720K) NonClass: 34000K(34176K)->34000K(34176K) Class: 4410K(4544K)->4410K(4544K)
[2025-02-02T17:47:47.087+0530][gc          ] GC(6) Pause Young (Prepare Mixed) (G1 Evacuation Pause) 194M->145M(1024M) 11.909ms
[2025-02-02T17:47:47.087+0530][gc,cpu      ] GC(6) User=0.01s Sys=0.01s Real=0.01s
[2025-02-02T18:38:57.963+0530][gc,start    ] GC(7) Pause Young (Mixed) (G1 Evacuation Pause)
[2025-02-02T18:38:57.964+0530][gc,task     ] GC(7) Using 4 workers of 4 for evacuation
[2025-02-02T18:38:57.974+0530][gc,phases   ] GC(7)   Pre Evacuate Collection Set: 0.1ms
[2025-02-02T18:38:57.974+0530][gc,phases   ] GC(7)   Merge Heap Roots: 0.1ms
[2025-02-02T18:38:57.974+0530][gc,phases   ] GC(7)   Evacuate Collection Set: 8.4ms
[2025-02-02T18:38:57.974+0530][gc,phases   ] GC(7)   Post Evacuate Collection Set: 0.7ms
[2025-02-02T18:38:57.974+0530][gc,phases   ] GC(7)   Other: 1.3ms
[2025-02-02T18:38:57.974+0530][gc,heap     ] GC(7) Eden regions: 49->0(47)
[2025-02-02T18:38:57.974+0530][gc,heap     ] GC(7) Survivor regions: 2->4(7)
[2025-02-02T18:38:57.974+0530][gc,heap     ] GC(7) Old regions: 14->14
[2025-02-02T18:38:57.974+0530][gc,heap     ] GC(7) Archive regions: 2->2
[2025-02-02T18:38:57.974+0530][gc,heap     ] GC(7) Humongous regions: 129->129
[2025-02-02T18:38:57.974+0530][gc,metaspace] GC(7) Metaspace: 41179K(41600K)->41179K(41600K) NonClass: 36346K(36608K)->36346K(36608K) Class: 4832K(4992K)->4832K(4992K)
[2025-02-02T18:38:57.974+0530][gc          ] GC(7) Pause Young (Mixed) (G1 Evacuation Pause) 194M->146M(1024M) 10.926ms
[2025-02-02T18:38:57.974+0530][gc,cpu      ] GC(7) User=0.03s Sys=0.01s Real=0.01s
[2025-02-02T22:51:30.536+0530][gc,start    ] GC(8) Pause Young (Normal) (G1 Evacuation Pause)
[2025-02-02T22:51:30.537+0530][gc,task     ] GC(8) Using 4 workers of 4 for evacuation
[2025-02-02T22:51:30.547+0530][gc,phases   ] GC(8)   Pre Evacuate Collection Set: 0.1ms
[2025-02-02T22:51:30.547+0530][gc,phases   ] GC(8)   Merge Heap Roots: 0.1ms
[2025-02-02T22:51:30.547+0530][gc,phases   ] GC(8)   Evacuate Collection Set: 8.8ms
[2025-02-02T22:51:30.547+0530][gc,phases   ] GC(8)   Post Evacuate Collection Set: 0.7ms
[2025-02-02T22:51:30.547+0530][gc,phases   ] GC(8)   Other: 0.4ms
[2025-02-02T22:51:30.547+0530][gc,heap     ] GC(8) Eden regions: 47->0(46)
[2025-02-02T22:51:30.547+0530][gc,heap     ] GC(8) Survivor regions: 4->5(7)
[2025-02-02T22:51:30.547+0530][gc,heap     ] GC(8) Old regions: 14->14
[2025-02-02T22:51:30.547+0530][gc,heap     ] GC(8) Archive regions: 2->2
[2025-02-02T22:51:30.547+0530][gc,heap     ] GC(8) Humongous regions: 129->129
[2025-02-02T22:51:30.547+0530][gc,metaspace] GC(8) Metaspace: 43599K(44224K)->43599K(44224K) NonClass: 38445K(38784K)->38445K(38784K) Class: 5154K(5440K)->5154K(5440K)
[2025-02-02T22:51:30.547+0530][gc          ] GC(8) Pause Young (Normal) (G1 Evacuation Pause) 193M->148M(1024M) 10.508ms
[2025-02-02T22:51:30.547+0530][gc,cpu      ] GC(8) User=0.02s Sys=0.00s Real=0.01s
[2025-02-02T22:55:21.939+0530][gc,heap,exit] Heap
[2025-02-02T22:55:21.939+0530][gc,heap,exit]  garbage-first heap   total 1048576K, used 168474K [0x00000007c0000000, 0x0000000800000000)
[2025-02-02T22:55:21.939+0530][gc,heap,exit]   region size 1024K, 22 young (22528K), 5 survivors (5120K)
[2025-02-02T22:55:21.939+0530][gc,heap,exit]  Metaspace       used 44513K, committed 45184K, reserved 1114112K
[2025-02-02T22:55:21.939+0530][gc,heap,exit]   class space    used 5343K, committed 5632K, reserved 1048576K
