[2025-02-03T00:09:43.176+0530][gc,heap] Heap region size: 1M
[2025-02-03T00:09:43.186+0530][gc     ] Using G1
[2025-02-03T00:09:43.186+0530][gc,heap,coops] Heap address: 0x00000007c0000000, size: 1024 MB, Compressed Oops mode: Zero based, Oop shift amount: 3
[2025-02-03T00:09:45.210+0530][gc,start     ] GC(0) Pause Young (Concurrent Start) (Metadata GC Threshold)
[2025-02-03T00:09:45.210+0530][gc,task      ] GC(0) Using 4 workers of 4 for evacuation
[2025-02-03T00:09:45.223+0530][gc,phases    ] GC(0)   Pre Evacuate Collection Set: 0.0ms
[2025-02-03T00:09:45.223+0530][gc,phases    ] GC(0)   Evacuate Collection Set: 11.6ms
[2025-02-03T00:09:45.223+0530][gc,phases    ] GC(0)   Post Evacuate Collection Set: 0.6ms
[2025-02-03T00:09:45.223+0530][gc,phases    ] GC(0)   Other: 0.8ms
[2025-02-03T00:09:45.223+0530][gc,heap      ] GC(0) Eden regions: 51->0(44)
[2025-02-03T00:09:45.223+0530][gc,heap      ] GC(0) Survivor regions: 0->7(7)
[2025-02-03T00:09:45.223+0530][gc,heap      ] GC(0) Old regions: 0->1
[2025-02-03T00:09:45.223+0530][gc,heap      ] GC(0) Humongous regions: 0->0
[2025-02-03T00:09:45.223+0530][gc,metaspace ] GC(0) Metaspace: 20668K(21248K)->20668K(21248K) NonClass: 18358K(18688K)->18358K(18688K) Class: 2310K(2560K)->2310K(2560K)
[2025-02-03T00:09:45.223+0530][gc           ] GC(0) Pause Young (Concurrent Start) (Metadata GC Threshold) 51M->7M(1024M) 13.263ms
[2025-02-03T00:09:45.223+0530][gc,cpu       ] GC(0) User=0.03s Sys=0.01s Real=0.01s
[2025-02-03T00:09:45.223+0530][gc           ] GC(1) Concurrent Cycle
[2025-02-03T00:09:45.223+0530][gc,marking   ] GC(1) Concurrent Clear Claimed Marks
[2025-02-03T00:09:45.223+0530][gc,marking   ] GC(1) Concurrent Clear Claimed Marks 0.030ms
[2025-02-03T00:09:45.223+0530][gc,marking   ] GC(1) Concurrent Scan Root Regions
[2025-02-03T00:09:45.227+0530][gc,marking   ] GC(1) Concurrent Scan Root Regions 3.509ms
[2025-02-03T00:09:45.227+0530][gc,marking   ] GC(1) Concurrent Mark (2.059s)
[2025-02-03T00:09:45.227+0530][gc,marking   ] GC(1) Concurrent Mark From Roots
[2025-02-03T00:09:45.227+0530][gc,task      ] GC(1) Using 1 workers of 1 for marking
[2025-02-03T00:09:45.229+0530][gc,marking   ] GC(1) Concurrent Mark From Roots 2.075ms
[2025-02-03T00:09:45.229+0530][gc,marking   ] GC(1) Concurrent Preclean
[2025-02-03T00:09:45.229+0530][gc,marking   ] GC(1) Concurrent Preclean 0.061ms
[2025-02-03T00:09:45.229+0530][gc,marking   ] GC(1) Concurrent Mark (2.059s, 2.061s) 2.246ms
[2025-02-03T00:09:45.229+0530][gc,start     ] GC(1) Pause Remark
[2025-02-03T00:09:45.232+0530][gc,stringtable] GC(1) Cleaned string and symbol table, strings: 7667 processed, 0 removed, symbols: 66988 processed, 31 removed
[2025-02-03T00:09:45.232+0530][gc            ] GC(1) Pause Remark 8M->8M(1024M) 2.744ms
[2025-02-03T00:09:45.232+0530][gc,cpu        ] GC(1) User=0.00s Sys=0.00s Real=0.01s
[2025-02-03T00:09:45.232+0530][gc,marking    ] GC(1) Concurrent Rebuild Remembered Sets
[2025-02-03T00:09:45.233+0530][gc,marking    ] GC(1) Concurrent Rebuild Remembered Sets 1.300ms
[2025-02-03T00:09:45.234+0530][gc,start      ] GC(1) Pause Cleanup
[2025-02-03T00:09:45.234+0530][gc            ] GC(1) Pause Cleanup 8M->8M(1024M) 0.188ms
[2025-02-03T00:09:45.234+0530][gc,cpu        ] GC(1) User=0.00s Sys=0.00s Real=0.00s
[2025-02-03T00:09:45.234+0530][gc,marking    ] GC(1) Concurrent Cleanup for Next Mark
[2025-02-03T00:09:45.244+0530][gc,marking    ] GC(1) Concurrent Cleanup for Next Mark 10.373ms
[2025-02-03T00:09:45.244+0530][gc            ] GC(1) Concurrent Cycle 21.264ms
[2025-02-03T00:09:47.031+0530][gc,start      ] GC(2) Pause Young (Normal) (G1 Evacuation Pause)
[2025-02-03T00:09:47.031+0530][gc,task       ] GC(2) Using 4 workers of 4 for evacuation
[2025-02-03T00:09:47.047+0530][gc,phases     ] GC(2)   Pre Evacuate Collection Set: 0.0ms
[2025-02-03T00:09:47.047+0530][gc,phases     ] GC(2)   Evacuate Collection Set: 15.6ms
[2025-02-03T00:09:47.047+0530][gc,phases     ] GC(2)   Post Evacuate Collection Set: 0.5ms
[2025-02-03T00:09:47.048+0530][gc,phases     ] GC(2)   Other: 0.2ms
[2025-02-03T00:09:47.048+0530][gc,heap       ] GC(2) Eden regions: 44->0(49)
[2025-02-03T00:09:47.048+0530][gc,heap       ] GC(2) Survivor regions: 7->2(7)
[2025-02-03T00:09:47.048+0530][gc,heap       ] GC(2) Old regions: 1->8
[2025-02-03T00:09:47.048+0530][gc,heap       ] GC(2) Humongous regions: 0->0
[2025-02-03T00:09:47.048+0530][gc,metaspace  ] GC(2) Metaspace: 29295K(30336K)->29295K(30336K) NonClass: 25914K(26624K)->25914K(26624K) Class: 3380K(3712K)->3380K(3712K)
[2025-02-03T00:09:47.048+0530][gc            ] GC(2) Pause Young (Normal) (G1 Evacuation Pause) 51M->9M(1024M) 16.590ms
[2025-02-03T00:09:47.048+0530][gc,cpu        ] GC(2) User=0.04s Sys=0.01s Real=0.01s
[2025-02-03T00:09:48.764+0530][gc,start      ] GC(3) Pause Young (Concurrent Start) (Metadata GC Threshold)
[2025-02-03T00:09:48.764+0530][gc,task       ] GC(3) Using 4 workers of 4 for evacuation
[2025-02-03T00:09:48.773+0530][gc,phases     ] GC(3)   Pre Evacuate Collection Set: 0.1ms
[2025-02-03T00:09:48.773+0530][gc,phases     ] GC(3)   Evacuate Collection Set: 8.1ms
[2025-02-03T00:09:48.773+0530][gc,phases     ] GC(3)   Post Evacuate Collection Set: 0.5ms
[2025-02-03T00:09:48.773+0530][gc,phases     ] GC(3)   Other: 0.4ms
[2025-02-03T00:09:48.773+0530][gc,heap       ] GC(3) Eden regions: 36->0(47)
[2025-02-03T00:09:48.773+0530][gc,heap       ] GC(3) Survivor regions: 2->4(7)
[2025-02-03T00:09:48.773+0530][gc,heap       ] GC(3) Old regions: 8->8
[2025-02-03T00:09:48.773+0530][gc,heap       ] GC(3) Humongous regions: 129->129
[2025-02-03T00:09:48.773+0530][gc,metaspace  ] GC(3) Metaspace: 34648K(35840K)->34648K(35840K) NonClass: 30742K(31360K)->30742K(31360K) Class: 3906K(4480K)->3906K(4480K)
[2025-02-03T00:09:48.773+0530][gc            ] GC(3) Pause Young (Concurrent Start) (Metadata GC Threshold) 173M->139M(1024M) 9.358ms
[2025-02-03T00:09:48.773+0530][gc,cpu        ] GC(3) User=0.03s Sys=0.00s Real=0.01s
[2025-02-03T00:09:48.773+0530][gc            ] GC(4) Concurrent Cycle
[2025-02-03T00:09:48.773+0530][gc,marking    ] GC(4) Concurrent Clear Claimed Marks
[2025-02-03T00:09:48.773+0530][gc,marking    ] GC(4) Concurrent Clear Claimed Marks 0.074ms
[2025-02-03T00:09:48.773+0530][gc,marking    ] GC(4) Concurrent Scan Root Regions
[2025-02-03T00:09:48.777+0530][gc,marking    ] GC(4) Concurrent Scan Root Regions 4.071ms
[2025-02-03T00:09:48.777+0530][gc,marking    ] GC(4) Concurrent Mark (5.609s)
[2025-02-03T00:09:48.777+0530][gc,marking    ] GC(4) Concurrent Mark From Roots
[2025-02-03T00:09:48.777+0530][gc,task       ] GC(4) Using 1 workers of 1 for marking
[2025-02-03T00:09:48.787+0530][gc,marking    ] GC(4) Concurrent Mark From Roots 9.388ms
[2025-02-03T00:09:48.787+0530][gc,marking    ] GC(4) Concurrent Preclean
[2025-02-03T00:09:48.787+0530][gc,marking    ] GC(4) Concurrent Preclean 0.075ms
[2025-02-03T00:09:48.787+0530][gc,marking    ] GC(4) Concurrent Mark (5.609s, 5.619s) 9.572ms
[2025-02-03T00:09:48.787+0530][gc,start      ] GC(4) Pause Remark
[2025-02-03T00:09:48.791+0530][gc,stringtable] GC(4) Cleaned string and symbol table, strings: 11092 processed, 10 removed, symbols: 100323 processed, 24 removed
[2025-02-03T00:09:48.791+0530][gc            ] GC(4) Pause Remark 140M->140M(1024M) 4.263ms
[2025-02-03T00:09:48.792+0530][gc,cpu        ] GC(4) User=0.02s Sys=0.00s Real=0.01s
[2025-02-03T00:09:48.792+0530][gc,marking    ] GC(4) Concurrent Rebuild Remembered Sets
[2025-02-03T00:09:48.798+0530][gc,marking    ] GC(4) Concurrent Rebuild Remembered Sets 6.159ms
[2025-02-03T00:09:48.798+0530][gc,start      ] GC(4) Pause Cleanup
[2025-02-03T00:09:48.798+0530][gc            ] GC(4) Pause Cleanup 141M->141M(1024M) 0.179ms
[2025-02-03T00:09:48.798+0530][gc,cpu        ] GC(4) User=0.00s Sys=0.00s Real=0.00s
[2025-02-03T00:09:48.798+0530][gc,marking    ] GC(4) Concurrent Cleanup for Next Mark
[2025-02-03T00:09:48.807+0530][gc,marking    ] GC(4) Concurrent Cleanup for Next Mark 9.132ms
[2025-02-03T00:09:48.807+0530][gc            ] GC(4) Concurrent Cycle 34.385ms
[2025-02-03T00:09:49.987+0530][gc,start      ] GC(5) Pause Young (Normal) (G1 Evacuation Pause)
[2025-02-03T00:09:49.987+0530][gc,task       ] GC(5) Using 4 workers of 4 for evacuation
[2025-02-03T00:09:49.999+0530][gc,phases     ] GC(5)   Pre Evacuate Collection Set: 0.0ms
[2025-02-03T00:09:49.999+0530][gc,phases     ] GC(5)   Evacuate Collection Set: 11.5ms
[2025-02-03T00:09:49.999+0530][gc,phases     ] GC(5)   Post Evacuate Collection Set: 0.4ms
[2025-02-03T00:09:49.999+0530][gc,phases     ] GC(5)   Other: 0.4ms
[2025-02-03T00:09:49.999+0530][gc,heap       ] GC(5) Eden regions: 47->0(44)
[2025-02-03T00:09:49.999+0530][gc,heap       ] GC(5) Survivor regions: 4->7(7)
[2025-02-03T00:09:49.999+0530][gc,heap       ] GC(5) Old regions: 8->8
[2025-02-03T00:09:49.999+0530][gc,heap       ] GC(5) Humongous regions: 129->129
[2025-02-03T00:09:49.999+0530][gc,metaspace  ] GC(5) Metaspace: 41859K(43392K)->41859K(43392K) NonClass: 37253K(38144K)->37253K(38144K) Class: 4605K(5248K)->4605K(5248K)
[2025-02-03T00:09:49.999+0530][gc            ] GC(5) Pause Young (Normal) (G1 Evacuation Pause) 186M->143M(1024M) 12.561ms
[2025-02-03T00:09:49.999+0530][gc,cpu        ] GC(5) User=0.05s Sys=0.00s Real=0.01s
[2025-02-03T00:09:51.758+0530][gc,start      ] GC(6) Pause Young (Normal) (G1 Evacuation Pause)
[2025-02-03T00:09:51.760+0530][gc,task       ] GC(6) Using 4 workers of 4 for evacuation
[2025-02-03T00:09:51.774+0530][gc,phases     ] GC(6)   Pre Evacuate Collection Set: 0.0ms
[2025-02-03T00:09:51.774+0530][gc,phases     ] GC(6)   Evacuate Collection Set: 13.3ms
[2025-02-03T00:09:51.774+0530][gc,phases     ] GC(6)   Post Evacuate Collection Set: 0.5ms
[2025-02-03T00:09:51.774+0530][gc,phases     ] GC(6)   Other: 2.3ms
[2025-02-03T00:09:51.775+0530][gc,heap       ] GC(6) Eden regions: 44->0(48)
[2025-02-03T00:09:51.775+0530][gc,heap       ] GC(6) Survivor regions: 7->3(7)
[2025-02-03T00:09:51.775+0530][gc,heap       ] GC(6) Old regions: 8->15
[2025-02-03T00:09:51.775+0530][gc,heap       ] GC(6) Humongous regions: 129->129
[2025-02-03T00:09:51.775+0530][gc,metaspace  ] GC(6) Metaspace: 48795K(51072K)->48795K(51072K) NonClass: 43093K(44288K)->43093K(44288K) Class: 5701K(6784K)->5701K(6784K)
[2025-02-03T00:09:51.775+0530][gc            ] GC(6) Pause Young (Normal) (G1 Evacuation Pause) 187M->145M(1024M) 16.333ms
[2025-02-03T00:09:51.775+0530][gc,cpu        ] GC(6) User=0.05s Sys=0.00s Real=0.02s
[2025-02-03T00:26:26.852+0530][gc,start      ] GC(7) Pause Young (Normal) (G1 Evacuation Pause)
[2025-02-03T00:26:26.853+0530][gc,task       ] GC(7) Using 4 workers of 4 for evacuation
[2025-02-03T00:26:26.869+0530][gc,phases     ] GC(7)   Pre Evacuate Collection Set: 0.1ms
[2025-02-03T00:26:26.869+0530][gc,phases     ] GC(7)   Evacuate Collection Set: 15.3ms
[2025-02-03T00:26:26.869+0530][gc,phases     ] GC(7)   Post Evacuate Collection Set: 0.7ms
[2025-02-03T00:26:26.869+0530][gc,phases     ] GC(7)   Other: 1.3ms
[2025-02-03T00:26:26.869+0530][gc,heap       ] GC(7) Eden regions: 48->0(47)
[2025-02-03T00:26:26.869+0530][gc,heap       ] GC(7) Survivor regions: 3->4(7)
[2025-02-03T00:26:26.869+0530][gc,heap       ] GC(7) Old regions: 15->15
[2025-02-03T00:26:26.869+0530][gc,heap       ] GC(7) Humongous regions: 135->129
[2025-02-03T00:26:26.869+0530][gc,metaspace  ] GC(7) Metaspace: 52741K(55680K)->52741K(55680K) NonClass: 46330K(47872K)->46330K(47872K) Class: 6410K(7808K)->6410K(7808K)
[2025-02-03T00:26:26.869+0530][gc            ] GC(7) Pause Young (Normal) (G1 Evacuation Pause) 199M->147M(1024M) 17.479ms
[2025-02-03T00:26:26.869+0530][gc,cpu        ] GC(7) User=0.02s Sys=0.00s Real=0.01s
[2025-02-03T00:44:37.098+0530][gc,start      ] GC(8) Pause Young (Normal) (G1 Evacuation Pause)
[2025-02-03T00:44:37.099+0530][gc,task       ] GC(8) Using 4 workers of 4 for evacuation
[2025-02-03T00:44:37.115+0530][gc,phases     ] GC(8)   Pre Evacuate Collection Set: 0.0ms
[2025-02-03T00:44:37.115+0530][gc,phases     ] GC(8)   Evacuate Collection Set: 14.9ms
[2025-02-03T00:44:37.115+0530][gc,phases     ] GC(8)   Post Evacuate Collection Set: 0.7ms
[2025-02-03T00:44:37.115+0530][gc,phases     ] GC(8)   Other: 1.6ms
[2025-02-03T00:44:37.115+0530][gc,heap       ] GC(8) Eden regions: 47->0(47)
[2025-02-03T00:44:37.115+0530][gc,heap       ] GC(8) Survivor regions: 4->4(7)
[2025-02-03T00:44:37.115+0530][gc,heap       ] GC(8) Old regions: 15->17
[2025-02-03T00:44:37.115+0530][gc,heap       ] GC(8) Humongous regions: 129->129
[2025-02-03T00:44:37.115+0530][gc,metaspace  ] GC(8) Metaspace: 54304K(57344K)->54304K(57344K) NonClass: 47739K(49408K)->47739K(49408K) Class: 6565K(7936K)->6565K(7936K)
[2025-02-03T00:44:37.115+0530][gc            ] GC(8) Pause Young (Normal) (G1 Evacuation Pause) 194M->148M(1024M) 17.481ms
[2025-02-03T00:44:37.115+0530][gc,cpu        ] GC(8) User=0.05s Sys=0.00s Real=0.02s
[2025-02-03T00:47:11.278+0530][gc,start      ] GC(9) Pause Young (Normal) (G1 Evacuation Pause)
[2025-02-03T00:47:11.278+0530][gc,task       ] GC(9) Using 4 workers of 4 for evacuation
[2025-02-03T00:47:11.293+0530][gc,phases     ] GC(9)   Pre Evacuate Collection Set: 0.0ms
[2025-02-03T00:47:11.293+0530][gc,phases     ] GC(9)   Evacuate Collection Set: 13.8ms
[2025-02-03T00:47:11.293+0530][gc,phases     ] GC(9)   Post Evacuate Collection Set: 0.7ms
[2025-02-03T00:47:11.293+0530][gc,phases     ] GC(9)   Other: 0.3ms
[2025-02-03T00:47:11.293+0530][gc,heap       ] GC(9) Eden regions: 47->0(44)
[2025-02-03T00:47:11.293+0530][gc,heap       ] GC(9) Survivor regions: 4->7(7)
[2025-02-03T00:47:11.293+0530][gc,heap       ] GC(9) Old regions: 17->17
[2025-02-03T00:47:11.293+0530][gc,heap       ] GC(9) Humongous regions: 129->129
[2025-02-03T00:47:11.293+0530][gc,metaspace  ] GC(9) Metaspace: 54603K(57728K)->54603K(57728K) NonClass: 48035K(49664K)->48035K(49664K) Class: 6568K(8064K)->6568K(8064K)
[2025-02-03T00:47:11.293+0530][gc            ] GC(9) Pause Young (Normal) (G1 Evacuation Pause) 195M->151M(1024M) 15.034ms
[2025-02-03T00:47:11.293+0530][gc,cpu        ] GC(9) User=0.04s Sys=0.00s Real=0.02s
[2025-02-03T00:49:37.778+0530][gc,start      ] GC(10) Pause Young (Normal) (G1 Evacuation Pause)
[2025-02-03T00:49:37.778+0530][gc,task       ] GC(10) Using 4 workers of 4 for evacuation
[2025-02-03T00:49:37.791+0530][gc,phases     ] GC(10)   Pre Evacuate Collection Set: 0.0ms
[2025-02-03T00:49:37.791+0530][gc,phases     ] GC(10)   Evacuate Collection Set: 11.5ms
[2025-02-03T00:49:37.791+0530][gc,phases     ] GC(10)   Post Evacuate Collection Set: 0.5ms
[2025-02-03T00:49:37.791+0530][gc,phases     ] GC(10)   Other: 0.4ms
[2025-02-03T00:49:37.791+0530][gc,heap       ] GC(10) Eden regions: 44->0(48)
[2025-02-03T00:49:37.791+0530][gc,heap       ] GC(10) Survivor regions: 7->3(7)
[2025-02-03T00:49:37.791+0530][gc,heap       ] GC(10) Old regions: 17->18
[2025-02-03T00:49:37.791+0530][gc,heap       ] GC(10) Humongous regions: 129->129
[2025-02-03T00:49:37.791+0530][gc,metaspace  ] GC(10) Metaspace: 54794K(57984K)->54794K(57984K) NonClass: 48217K(49920K)->48217K(49920K) Class: 6577K(8064K)->6577K(8064K)
[2025-02-03T00:49:37.791+0530][gc            ] GC(10) Pause Young (Normal) (G1 Evacuation Pause) 195M->149M(1024M) 12.646ms
[2025-02-03T00:49:37.791+0530][gc,cpu        ] GC(10) User=0.04s Sys=0.00s Real=0.02s
[2025-02-03T00:51:05.851+0530][gc,heap,exit  ] Heap
[2025-02-03T00:51:05.851+0530][gc,heap,exit  ]  garbage-first heap   total 1048576K, used 192727K [0x00000007c0000000, 0x0000000800000000)
[2025-02-03T00:51:05.851+0530][gc,heap,exit  ]   region size 1024K, 43 young (44032K), 3 survivors (3072K)
[2025-02-03T00:51:05.852+0530][gc,heap,exit  ]  Metaspace       used 55990K, capacity 59147K, committed 59264K, reserved 1099776K
[2025-02-03T00:51:05.852+0530][gc,heap,exit  ]   class space    used 6831K, capacity 8309K, committed 8320K, reserved 1048576K
