[2025-02-07T14:13:11.742+0530][gc,heap] Heap region size: 1M
[2025-02-07T14:13:11.751+0530][gc     ] Using G1
[2025-02-07T14:13:11.752+0530][gc,heap,coops] Heap address: 0x00000007c0000000, size: 1024 MB, Compressed Oops mode: Zero based, Oop shift amount: 3
[2025-02-07T14:13:13.802+0530][gc,start     ] GC(0) Pause Young (Normal) (G1 Evacuation Pause)
[2025-02-07T14:13:13.802+0530][gc,task      ] GC(0) Using 4 workers of 4 for evacuation
[2025-02-07T14:13:13.812+0530][gc,phases    ] GC(0)   Pre Evacuate Collection Set: 0.0ms
[2025-02-07T14:13:13.812+0530][gc,phases    ] GC(0)   Evacuate Collection Set: 9.3ms
[2025-02-07T14:13:13.812+0530][gc,phases    ] GC(0)   Post Evacuate Collection Set: 0.6ms
[2025-02-07T14:13:13.812+0530][gc,phases    ] GC(0)   Other: 0.7ms
[2025-02-07T14:13:13.812+0530][gc,heap      ] GC(0) Eden regions: 51->0(44)
[2025-02-07T14:13:13.812+0530][gc,heap      ] GC(0) Survivor regions: 0->7(7)
[2025-02-07T14:13:13.812+0530][gc,heap      ] GC(0) Old regions: 0->1
[2025-02-07T14:13:13.812+0530][gc,heap      ] GC(0) Humongous regions: 0->0
[2025-02-07T14:13:13.812+0530][gc,metaspace ] GC(0) Metaspace: 20713K(21248K)->20713K(21248K) NonClass: 18397K(18688K)->18397K(18688K) Class: 2316K(2560K)->2316K(2560K)
[2025-02-07T14:13:13.812+0530][gc           ] GC(0) Pause Young (Normal) (G1 Evacuation Pause) 51M->7M(1024M) 10.802ms
[2025-02-07T14:13:13.812+0530][gc,cpu       ] GC(0) User=0.03s Sys=0.01s Real=0.01s
[2025-02-07T14:13:13.821+0530][gc,start     ] GC(1) Pause Young (Concurrent Start) (Metadata GC Threshold)
[2025-02-07T14:13:13.821+0530][gc,task      ] GC(1) Using 4 workers of 4 for evacuation
[2025-02-07T14:13:13.830+0530][gc,phases    ] GC(1)   Pre Evacuate Collection Set: 0.0ms
[2025-02-07T14:13:13.830+0530][gc,phases    ] GC(1)   Evacuate Collection Set: 8.6ms
[2025-02-07T14:13:13.830+0530][gc,phases    ] GC(1)   Post Evacuate Collection Set: 0.3ms
[2025-02-07T14:13:13.830+0530][gc,phases    ] GC(1)   Other: 0.4ms
[2025-02-07T14:13:13.830+0530][gc,heap      ] GC(1) Eden regions: 1->0(50)
[2025-02-07T14:13:13.830+0530][gc,heap      ] GC(1) Survivor regions: 7->1(7)
[2025-02-07T14:13:13.830+0530][gc,heap      ] GC(1) Old regions: 1->9
[2025-02-07T14:13:13.830+0530][gc,heap      ] GC(1) Humongous regions: 0->0
[2025-02-07T14:13:13.830+0530][gc,metaspace ] GC(1) Metaspace: 20763K(21248K)->20763K(21248K) NonClass: 18443K(18688K)->18443K(18688K) Class: 2320K(2560K)->2320K(2560K)
[2025-02-07T14:13:13.830+0530][gc           ] GC(1) Pause Young (Concurrent Start) (Metadata GC Threshold) 8M->8M(1024M) 9.533ms
[2025-02-07T14:13:13.830+0530][gc,cpu       ] GC(1) User=0.02s Sys=0.01s Real=0.01s
[2025-02-07T14:13:13.830+0530][gc           ] GC(2) Concurrent Cycle
[2025-02-07T14:13:13.831+0530][gc,marking   ] GC(2) Concurrent Clear Claimed Marks
[2025-02-07T14:13:13.831+0530][gc,marking   ] GC(2) Concurrent Clear Claimed Marks 0.028ms
[2025-02-07T14:13:13.831+0530][gc,marking   ] GC(2) Concurrent Scan Root Regions
[2025-02-07T14:13:13.831+0530][gc,marking   ] GC(2) Concurrent Scan Root Regions 0.090ms
[2025-02-07T14:13:13.831+0530][gc,marking   ] GC(2) Concurrent Mark (2.097s)
[2025-02-07T14:13:13.831+0530][gc,marking   ] GC(2) Concurrent Mark From Roots
[2025-02-07T14:13:13.831+0530][gc,task      ] GC(2) Using 1 workers of 1 for marking
[2025-02-07T14:13:13.840+0530][gc,marking   ] GC(2) Concurrent Mark From Roots 9.774ms
[2025-02-07T14:13:13.841+0530][gc,marking   ] GC(2) Concurrent Preclean
[2025-02-07T14:13:13.841+0530][gc,marking   ] GC(2) Concurrent Preclean 0.101ms
[2025-02-07T14:13:13.841+0530][gc,marking   ] GC(2) Concurrent Mark (2.097s, 2.107s) 9.963ms
[2025-02-07T14:13:13.841+0530][gc,start     ] GC(2) Pause Remark
[2025-02-07T14:13:13.843+0530][gc,stringtable] GC(2) Cleaned string and symbol table, strings: 7691 processed, 0 removed, symbols: 67289 processed, 43 removed
[2025-02-07T14:13:13.843+0530][gc            ] GC(2) Pause Remark 9M->9M(1024M) 2.576ms
[2025-02-07T14:13:13.843+0530][gc,cpu        ] GC(2) User=0.01s Sys=0.00s Real=0.00s
[2025-02-07T14:13:13.843+0530][gc,marking    ] GC(2) Concurrent Rebuild Remembered Sets
[2025-02-07T14:13:13.850+0530][gc,marking    ] GC(2) Concurrent Rebuild Remembered Sets 6.272ms
[2025-02-07T14:13:13.851+0530][gc,start      ] GC(2) Pause Cleanup
[2025-02-07T14:13:13.851+0530][gc            ] GC(2) Pause Cleanup 9M->9M(1024M) 0.222ms
[2025-02-07T14:13:13.851+0530][gc,cpu        ] GC(2) User=0.00s Sys=0.00s Real=0.00s
[2025-02-07T14:13:13.851+0530][gc,marking    ] GC(2) Concurrent Cleanup for Next Mark
[2025-02-07T14:13:13.861+0530][gc,marking    ] GC(2) Concurrent Cleanup for Next Mark 9.654ms
[2025-02-07T14:13:13.861+0530][gc            ] GC(2) Concurrent Cycle 30.274ms
[2025-02-07T14:13:15.964+0530][gc,start      ] GC(3) Pause Young (Normal) (G1 Evacuation Pause)
[2025-02-07T14:13:15.964+0530][gc,task       ] GC(3) Using 4 workers of 4 for evacuation
[2025-02-07T14:13:15.970+0530][gc,phases     ] GC(3)   Pre Evacuate Collection Set: 0.0ms
[2025-02-07T14:13:15.970+0530][gc,phases     ] GC(3)   Evacuate Collection Set: 5.1ms
[2025-02-07T14:13:15.970+0530][gc,phases     ] GC(3)   Post Evacuate Collection Set: 0.4ms
[2025-02-07T14:13:15.970+0530][gc,phases     ] GC(3)   Other: 0.2ms
[2025-02-07T14:13:15.970+0530][gc,heap       ] GC(3) Eden regions: 50->0(48)
[2025-02-07T14:13:15.970+0530][gc,heap       ] GC(3) Survivor regions: 1->3(7)
[2025-02-07T14:13:15.970+0530][gc,heap       ] GC(3) Old regions: 9->9
[2025-02-07T14:13:15.970+0530][gc,heap       ] GC(3) Humongous regions: 129->129
[2025-02-07T14:13:15.970+0530][gc,metaspace  ] GC(3) Metaspace: 30374K(31360K)->30374K(31360K) NonClass: 26883K(27392K)->26883K(27392K) Class: 3491K(3968K)->3491K(3968K)
[2025-02-07T14:13:15.970+0530][gc            ] GC(3) Pause Young (Normal) (G1 Evacuation Pause) 187M->139M(1024M) 6.018ms
[2025-02-07T14:13:15.970+0530][gc,cpu        ] GC(3) User=0.01s Sys=0.00s Real=0.01s
[2025-02-07T14:13:16.799+0530][gc,start      ] GC(4) Pause Young (Concurrent Start) (Metadata GC Threshold)
[2025-02-07T14:13:16.799+0530][gc,task       ] GC(4) Using 4 workers of 4 for evacuation
[2025-02-07T14:13:16.807+0530][gc,phases     ] GC(4)   Pre Evacuate Collection Set: 0.0ms
[2025-02-07T14:13:16.808+0530][gc,phases     ] GC(4)   Evacuate Collection Set: 7.8ms
[2025-02-07T14:13:16.808+0530][gc,phases     ] GC(4)   Post Evacuate Collection Set: 0.3ms
[2025-02-07T14:13:16.808+0530][gc,phases     ] GC(4)   Other: 0.4ms
[2025-02-07T14:13:16.808+0530][gc,heap       ] GC(4) Eden regions: 25->0(47)
[2025-02-07T14:13:16.808+0530][gc,heap       ] GC(4) Survivor regions: 3->4(7)
[2025-02-07T14:13:16.808+0530][gc,heap       ] GC(4) Old regions: 9->9
[2025-02-07T14:13:16.808+0530][gc,heap       ] GC(4) Humongous regions: 129->129
[2025-02-07T14:13:16.808+0530][gc,metaspace  ] GC(4) Metaspace: 34777K(35840K)->34777K(35840K) NonClass: 30970K(31616K)->30970K(31616K) Class: 3806K(4224K)->3806K(4224K)
[2025-02-07T14:13:16.808+0530][gc            ] GC(4) Pause Young (Concurrent Start) (Metadata GC Threshold) 164M->140M(1024M) 8.828ms
[2025-02-07T14:13:16.808+0530][gc,cpu        ] GC(4) User=0.03s Sys=0.00s Real=0.01s
[2025-02-07T14:13:16.808+0530][gc            ] GC(5) Concurrent Cycle
[2025-02-07T14:13:16.808+0530][gc,marking    ] GC(5) Concurrent Clear Claimed Marks
[2025-02-07T14:13:16.808+0530][gc,marking    ] GC(5) Concurrent Clear Claimed Marks 0.067ms
[2025-02-07T14:13:16.808+0530][gc,marking    ] GC(5) Concurrent Scan Root Regions
[2025-02-07T14:13:16.812+0530][gc,marking    ] GC(5) Concurrent Scan Root Regions 3.978ms
[2025-02-07T14:13:16.812+0530][gc,marking    ] GC(5) Concurrent Mark (5.078s)
[2025-02-07T14:13:16.812+0530][gc,marking    ] GC(5) Concurrent Mark From Roots
[2025-02-07T14:13:16.812+0530][gc,task       ] GC(5) Using 1 workers of 1 for marking
[2025-02-07T14:13:16.821+0530][gc,marking    ] GC(5) Concurrent Mark From Roots 9.127ms
[2025-02-07T14:13:16.821+0530][gc,marking    ] GC(5) Concurrent Preclean
[2025-02-07T14:13:16.821+0530][gc,marking    ] GC(5) Concurrent Preclean 0.067ms
[2025-02-07T14:13:16.821+0530][gc,marking    ] GC(5) Concurrent Mark (5.078s, 5.087s) 9.296ms
[2025-02-07T14:13:16.822+0530][gc,start      ] GC(5) Pause Remark
[2025-02-07T14:13:16.826+0530][gc,stringtable] GC(5) Cleaned string and symbol table, strings: 13004 processed, 11 removed, symbols: 102562 processed, 23 removed
[2025-02-07T14:13:16.826+0530][gc            ] GC(5) Pause Remark 141M->141M(1024M) 4.049ms
[2025-02-07T14:13:16.826+0530][gc,cpu        ] GC(5) User=0.02s Sys=0.00s Real=0.00s
[2025-02-07T14:13:16.826+0530][gc,marking    ] GC(5) Concurrent Rebuild Remembered Sets
[2025-02-07T14:13:16.832+0530][gc,marking    ] GC(5) Concurrent Rebuild Remembered Sets 6.103ms
[2025-02-07T14:13:16.832+0530][gc,start      ] GC(5) Pause Cleanup
[2025-02-07T14:13:16.832+0530][gc            ] GC(5) Pause Cleanup 141M->141M(1024M) 0.153ms
[2025-02-07T14:13:16.833+0530][gc,cpu        ] GC(5) User=0.00s Sys=0.00s Real=0.00s
[2025-02-07T14:13:16.833+0530][gc,marking    ] GC(5) Concurrent Cleanup for Next Mark
[2025-02-07T14:13:16.841+0530][gc,marking    ] GC(5) Concurrent Cleanup for Next Mark 8.630ms
[2025-02-07T14:13:16.841+0530][gc            ] GC(5) Concurrent Cycle 33.395ms
[2025-02-07T14:13:17.927+0530][gc,start      ] GC(6) Pause Young (Normal) (G1 Evacuation Pause)
[2025-02-07T14:13:17.927+0530][gc,task       ] GC(6) Using 4 workers of 4 for evacuation
[2025-02-07T14:13:17.941+0530][gc,phases     ] GC(6)   Pre Evacuate Collection Set: 0.0ms
[2025-02-07T14:13:17.941+0530][gc,phases     ] GC(6)   Evacuate Collection Set: 12.4ms
[2025-02-07T14:13:17.941+0530][gc,phases     ] GC(6)   Post Evacuate Collection Set: 0.5ms
[2025-02-07T14:13:17.941+0530][gc,phases     ] GC(6)   Other: 0.2ms
[2025-02-07T14:13:17.941+0530][gc,heap       ] GC(6) Eden regions: 47->0(44)
[2025-02-07T14:13:17.941+0530][gc,heap       ] GC(6) Survivor regions: 4->7(7)
[2025-02-07T14:13:17.941+0530][gc,heap       ] GC(6) Old regions: 9->9
[2025-02-07T14:13:17.941+0530][gc,heap       ] GC(6) Humongous regions: 129->129
[2025-02-07T14:13:17.941+0530][gc,metaspace  ] GC(6) Metaspace: 42034K(43520K)->42034K(43520K) NonClass: 37513K(38400K)->37513K(38400K) Class: 4521K(5120K)->4521K(5120K)
[2025-02-07T14:13:17.941+0530][gc            ] GC(6) Pause Young (Normal) (G1 Evacuation Pause) 187M->144M(1024M) 13.873ms
[2025-02-07T14:13:17.941+0530][gc,cpu        ] GC(6) User=0.04s Sys=0.00s Real=0.02s
[2025-02-07T14:37:35.831+0530][gc,start      ] GC(7) Pause Young (Normal) (G1 Evacuation Pause)
[2025-02-07T14:37:35.832+0530][gc,task       ] GC(7) Using 4 workers of 4 for evacuation
[2025-02-07T14:37:35.863+0530][gc,mmu        ] GC(7) MMU target violated: 21.0ms (20.0ms/21.0ms)
[2025-02-07T14:37:35.863+0530][gc,phases     ] GC(7)   Pre Evacuate Collection Set: 1.3ms
[2025-02-07T14:37:35.863+0530][gc,phases     ] GC(7)   Evacuate Collection Set: 28.2ms
[2025-02-07T14:37:35.863+0530][gc,phases     ] GC(7)   Post Evacuate Collection Set: 0.7ms
[2025-02-07T14:37:35.863+0530][gc,phases     ] GC(7)   Other: 1.9ms
[2025-02-07T14:37:35.863+0530][gc,heap       ] GC(7) Eden regions: 44->0(49)
[2025-02-07T14:37:35.863+0530][gc,heap       ] GC(7) Survivor regions: 7->2(7)
[2025-02-07T14:37:35.863+0530][gc,heap       ] GC(7) Old regions: 9->15
[2025-02-07T14:37:35.863+0530][gc,heap       ] GC(7) Humongous regions: 129->129
[2025-02-07T14:37:35.863+0530][gc,metaspace  ] GC(7) Metaspace: 47816K(50048K)->47816K(50048K) NonClass: 42272K(43520K)->42272K(43520K) Class: 5543K(6528K)->5543K(6528K)
[2025-02-07T14:37:35.863+0530][gc            ] GC(7) Pause Young (Normal) (G1 Evacuation Pause) 188M->145M(1024M) 32.211ms
[2025-02-07T14:37:35.863+0530][gc,cpu        ] GC(7) User=0.05s Sys=0.04s Real=0.03s
[2025-02-07T14:46:01.160+0530][gc,start      ] GC(8) Pause Young (Normal) (G1 Evacuation Pause)
[2025-02-07T14:46:01.160+0530][gc,task       ] GC(8) Using 4 workers of 4 for evacuation
[2025-02-07T14:46:01.172+0530][gc,phases     ] GC(8)   Pre Evacuate Collection Set: 0.0ms
[2025-02-07T14:46:01.172+0530][gc,phases     ] GC(8)   Evacuate Collection Set: 10.7ms
[2025-02-07T14:46:01.172+0530][gc,phases     ] GC(8)   Post Evacuate Collection Set: 1.0ms
[2025-02-07T14:46:01.172+0530][gc,phases     ] GC(8)   Other: 0.6ms
[2025-02-07T14:46:01.172+0530][gc,heap       ] GC(8) Eden regions: 49->0(47)
[2025-02-07T14:46:01.172+0530][gc,heap       ] GC(8) Survivor regions: 2->4(7)
[2025-02-07T14:46:01.172+0530][gc,heap       ] GC(8) Old regions: 15->15
[2025-02-07T14:46:01.172+0530][gc,heap       ] GC(8) Humongous regions: 129->129
[2025-02-07T14:46:01.172+0530][gc,metaspace  ] GC(8) Metaspace: 52960K(55808K)->52960K(55808K) NonClass: 46441K(47872K)->46441K(47872K) Class: 6518K(7936K)->6518K(7936K)
[2025-02-07T14:46:01.172+0530][gc            ] GC(8) Pause Young (Normal) (G1 Evacuation Pause) 194M->147M(1024M) 12.494ms
[2025-02-07T14:46:01.172+0530][gc,cpu        ] GC(8) User=0.03s Sys=0.00s Real=0.02s
[2025-02-07T15:16:43.425+0530][gc,start      ] GC(9) Pause Young (Normal) (G1 Evacuation Pause)
[2025-02-07T15:16:43.427+0530][gc,task       ] GC(9) Using 4 workers of 4 for evacuation
[2025-02-07T15:16:43.439+0530][gc,phases     ] GC(9)   Pre Evacuate Collection Set: 0.0ms
[2025-02-07T15:16:43.439+0530][gc,phases     ] GC(9)   Evacuate Collection Set: 11.5ms
[2025-02-07T15:16:43.439+0530][gc,phases     ] GC(9)   Post Evacuate Collection Set: 0.7ms
[2025-02-07T15:16:43.439+0530][gc,phases     ] GC(9)   Other: 1.7ms
[2025-02-07T15:16:43.439+0530][gc,heap       ] GC(9) Eden regions: 47->0(48)
[2025-02-07T15:16:43.439+0530][gc,heap       ] GC(9) Survivor regions: 4->3(7)
[2025-02-07T15:16:43.440+0530][gc,heap       ] GC(9) Old regions: 15->16
[2025-02-07T15:16:43.440+0530][gc,heap       ] GC(9) Humongous regions: 129->129
[2025-02-07T15:16:43.440+0530][gc,metaspace  ] GC(9) Metaspace: 53330K(56320K)->53330K(56320K) NonClass: 46801K(48384K)->46801K(48384K) Class: 6529K(7936K)->6529K(7936K)
[2025-02-07T15:16:43.440+0530][gc            ] GC(9) Pause Young (Normal) (G1 Evacuation Pause) 194M->147M(1024M) 14.124ms
[2025-02-07T15:16:43.440+0530][gc,cpu        ] GC(9) User=0.05s Sys=0.00s Real=0.02s
[2025-02-07T15:51:08.367+0530][gc,start      ] GC(10) Pause Young (Normal) (G1 Evacuation Pause)
[2025-02-07T15:51:08.368+0530][gc,task       ] GC(10) Using 4 workers of 4 for evacuation
[2025-02-07T15:51:08.376+0530][gc,phases     ] GC(10)   Pre Evacuate Collection Set: 0.0ms
[2025-02-07T15:51:08.376+0530][gc,phases     ] GC(10)   Evacuate Collection Set: 7.2ms
[2025-02-07T15:51:08.376+0530][gc,phases     ] GC(10)   Post Evacuate Collection Set: 0.5ms
[2025-02-07T15:51:08.376+0530][gc,phases     ] GC(10)   Other: 1.3ms
[2025-02-07T15:51:08.376+0530][gc,heap       ] GC(10) Eden regions: 48->0(48)
[2025-02-07T15:51:08.376+0530][gc,heap       ] GC(10) Survivor regions: 3->3(7)
[2025-02-07T15:51:08.377+0530][gc,heap       ] GC(10) Old regions: 16->16
[2025-02-07T15:51:08.377+0530][gc,heap       ] GC(10) Humongous regions: 129->129
[2025-02-07T15:51:08.377+0530][gc,metaspace  ] GC(10) Metaspace: 53409K(56320K)->53409K(56320K) NonClass: 46880K(48384K)->46880K(48384K) Class: 6529K(7936K)->6529K(7936K)
[2025-02-07T15:51:08.377+0530][gc            ] GC(10) Pause Young (Normal) (G1 Evacuation Pause) 195M->147M(1024M) 9.271ms
[2025-02-07T15:51:08.377+0530][gc,cpu        ] GC(10) User=0.03s Sys=0.00s Real=0.01s
[2025-02-07T15:59:27.313+0530][gc,heap,exit  ] Heap
[2025-02-07T15:59:27.314+0530][gc,heap,exit  ]  garbage-first heap   total 1048576K, used 172844K [0x00000007c0000000, 0x0000000800000000)
[2025-02-07T15:59:27.314+0530][gc,heap,exit  ]   region size 1024K, 26 young (26624K), 3 survivors (3072K)
[2025-02-07T15:59:27.314+0530][gc,heap,exit  ]  Metaspace       used 54442K, capacity 57401K, committed 57728K, reserved 1099776K
[2025-02-07T15:59:27.314+0530][gc,heap,exit  ]   class space    used 6773K, capacity 8236K, committed 8320K, reserved 1048576K
