[2025-02-02T16:07:42.986+0530][gc] Using G1
[2025-02-02T16:07:42.990+0530][gc,init] Version: 17.0.10+7-LTS (release)
[2025-02-02T16:07:42.990+0530][gc,init] CPUs: 4 total, 4 available
[2025-02-02T16:07:42.990+0530][gc,init] Memory: 8192M
[2025-02-02T16:07:42.990+0530][gc,init] Large Page Support: Disabled
[2025-02-02T16:07:42.990+0530][gc,init] NUMA Support: Disabled
[2025-02-02T16:07:42.990+0530][gc,init] Compressed Oops: Enabled (Zero based)
[2025-02-02T16:07:42.990+0530][gc,init] Heap Region Size: 1M
[2025-02-02T16:07:42.990+0530][gc,init] Heap Min Capacity: 512M
[2025-02-02T16:07:42.990+0530][gc,init] Heap Initial Capacity: 512M
[2025-02-02T16:07:42.990+0530][gc,init] Heap Max Capacity: 512M
[2025-02-02T16:07:42.990+0530][gc,init] Pre-touch: Disabled
[2025-02-02T16:07:42.990+0530][gc,init] Parallel Workers: 4
[2025-02-02T16:07:42.990+0530][gc,init] Concurrent Workers: 1
[2025-02-02T16:07:42.990+0530][gc,init] Concurrent Refinement Workers: 4
[2025-02-02T16:07:42.990+0530][gc,init] Periodic GC: Disabled
[2025-02-02T16:07:42.999+0530][gc,metaspace] CDS archive(s) mapped at: [0x0000000126000000-0x0000000126be8000-0x0000000126be8000), size 12484608, SharedBaseAddress: 0x0000000126000000, ArchiveRelocationMode: 1.
[2025-02-02T16:07:42.999+0530][gc,metaspace] Compressed class space mapped at: 0x0000000127000000-0x0000000167000000, reserved size: 1073741824
[2025-02-02T16:07:42.999+0530][gc,metaspace] Narrow klass base: 0x0000000126000000, Narrow klass shift: 0, Narrow klass range: 0x100000000
[2025-02-02T16:08:44.496+0530][gc,start    ] GC(0) Pause Young (Normal) (G1 Evacuation Pause)
[2025-02-02T16:08:44.496+0530][gc,task     ] GC(0) Using 4 workers of 4 for evacuation
[2025-02-02T16:08:44.509+0530][gc,phases   ] GC(0)   Pre Evacuate Collection Set: 0.1ms
[2025-02-02T16:08:44.509+0530][gc,phases   ] GC(0)   Merge Heap Roots: 0.1ms
[2025-02-02T16:08:44.509+0530][gc,phases   ] GC(0)   Evacuate Collection Set: 11.3ms
[2025-02-02T16:08:44.509+0530][gc,phases   ] GC(0)   Post Evacuate Collection Set: 0.6ms
[2025-02-02T16:08:44.509+0530][gc,phases   ] GC(0)   Other: 0.8ms
[2025-02-02T16:08:44.509+0530][gc,heap     ] GC(0) Eden regions: 25->0(21)
[2025-02-02T16:08:44.509+0530][gc,heap     ] GC(0) Survivor regions: 0->4(4)
[2025-02-02T16:08:44.509+0530][gc,heap     ] GC(0) Old regions: 0->5
[2025-02-02T16:08:44.509+0530][gc,heap     ] GC(0) Archive regions: 2->2
[2025-02-02T16:08:44.509+0530][gc,heap     ] GC(0) Humongous regions: 0->0
[2025-02-02T16:08:44.509+0530][gc,metaspace] GC(0) Metaspace: 7875K(8064K)->7875K(8064K) NonClass: 6978K(7104K)->6978K(7104K) Class: 896K(960K)->896K(960K)
[2025-02-02T16:08:44.509+0530][gc          ] GC(0) Pause Young (Normal) (G1 Evacuation Pause) 25M->8M(512M) 13.413ms
[2025-02-02T16:08:44.509+0530][gc,cpu      ] GC(0) User=0.03s Sys=0.01s Real=0.01s
[2025-02-02T22:55:28.359+0530][gc,heap,exit] Heap
[2025-02-02T22:55:28.361+0530][gc,heap,exit]  garbage-first heap   total 524288K, used 23593K [0x00000007e0000000, 0x0000000800000000)
[2025-02-02T22:55:28.361+0530][gc,heap,exit]   region size 1024K, 19 young (19456K), 4 survivors (4096K)
[2025-02-02T22:55:28.361+0530][gc,heap,exit]  Metaspace       used 8842K, committed 9024K, reserved 1114112K
[2025-02-02T22:55:28.361+0530][gc,heap,exit]   class space    used 945K, committed 1024K, reserved 1048576K
