[2025-02-02T15:42:52.110+0530][gc] Using G1
[2025-02-02T15:42:52.114+0530][gc,init] Version: 17.0.10+7-LTS (release)
[2025-02-02T15:42:52.114+0530][gc,init] CPUs: 4 total, 4 available
[2025-02-02T15:42:52.114+0530][gc,init] Memory: 8192M
[2025-02-02T15:42:52.114+0530][gc,init] Large Page Support: Disabled
[2025-02-02T15:42:52.114+0530][gc,init] NUMA Support: Disabled
[2025-02-02T15:42:52.114+0530][gc,init] Compressed Oops: Enabled (Zero based)
[2025-02-02T15:42:52.114+0530][gc,init] Heap Region Size: 1M
[2025-02-02T15:42:52.114+0530][gc,init] Heap Min Capacity: 512M
[2025-02-02T15:42:52.114+0530][gc,init] Heap Initial Capacity: 512M
[2025-02-02T15:42:52.115+0530][gc,init] Heap Max Capacity: 512M
[2025-02-02T15:42:52.115+0530][gc,init] Pre-touch: Disabled
[2025-02-02T15:42:52.115+0530][gc,init] Parallel Workers: 4
[2025-02-02T15:42:52.115+0530][gc,init] Concurrent Workers: 1
[2025-02-02T15:42:52.115+0530][gc,init] Concurrent Refinement Workers: 4
[2025-02-02T15:42:52.115+0530][gc,init] Periodic GC: Disabled
[2025-02-02T15:42:52.124+0530][gc,metaspace] CDS archive(s) mapped at: [0x0000000128000000-0x0000000128be8000-0x0000000128be8000), size 12484608, SharedBaseAddress: 0x0000000128000000, ArchiveRelocationMode: 1.
[2025-02-02T15:42:52.124+0530][gc,metaspace] Compressed class space mapped at: 0x0000000129000000-0x0000000169000000, reserved size: 1073741824
[2025-02-02T15:42:52.124+0530][gc,metaspace] Narrow klass base: 0x0000000128000000, Narrow klass shift: 0, Narrow klass range: 0x100000000
[2025-02-02T15:47:24.194+0530][gc,start    ] GC(0) Pause Young (Normal) (G1 Evacuation Pause)
[2025-02-02T15:47:24.195+0530][gc,task     ] GC(0) Using 4 workers of 4 for evacuation
[2025-02-02T15:47:24.212+0530][gc,phases   ] GC(0)   Pre Evacuate Collection Set: 0.2ms
[2025-02-02T15:47:24.212+0530][gc,phases   ] GC(0)   Merge Heap Roots: 0.7ms
[2025-02-02T15:47:24.212+0530][gc,phases   ] GC(0)   Evacuate Collection Set: 11.0ms
[2025-02-02T15:47:24.212+0530][gc,phases   ] GC(0)   Post Evacuate Collection Set: 1.8ms
[2025-02-02T15:47:24.212+0530][gc,phases   ] GC(0)   Other: 3.9ms
[2025-02-02T15:47:24.213+0530][gc,heap     ] GC(0) Eden regions: 25->0(21)
[2025-02-02T15:47:24.213+0530][gc,heap     ] GC(0) Survivor regions: 0->4(4)
[2025-02-02T15:47:24.213+0530][gc,heap     ] GC(0) Old regions: 0->4
[2025-02-02T15:47:24.213+0530][gc,heap     ] GC(0) Archive regions: 2->2
[2025-02-02T15:47:24.213+0530][gc,heap     ] GC(0) Humongous regions: 0->0
[2025-02-02T15:47:24.213+0530][gc,metaspace] GC(0) Metaspace: 8048K(8256K)->8048K(8256K) NonClass: 7130K(7232K)->7130K(7232K) Class: 918K(1024K)->918K(1024K)
[2025-02-02T15:47:24.213+0530][gc          ] GC(0) Pause Young (Normal) (G1 Evacuation Pause) 25M->8M(512M) 18.561ms
[2025-02-02T15:47:24.213+0530][gc,cpu      ] GC(0) User=0.02s Sys=0.01s Real=0.02s
