[2025-02-03T00:04:10.765+0530][gc,heap] Heap region size: 1M
[2025-02-03T00:04:10.770+0530][gc     ] Using G1
[2025-02-03T00:04:10.770+0530][gc,heap,coops] Heap address: 0x00000007e0000000, size: 512 MB, Compressed Oops mode: Zero based, Oop shift amount: 3
[2025-02-03T00:04:15.216+0530][gc,start     ] GC(0) Pause Young (Normal) (G1 Evacuation Pause)
[2025-02-03T00:04:15.216+0530][gc,task      ] GC(0) Using 4 workers of 4 for evacuation
[2025-02-03T00:04:15.227+0530][gc,phases    ] GC(0)   Pre Evacuate Collection Set: 0.0ms
[2025-02-03T00:04:15.227+0530][gc,phases    ] GC(0)   Evacuate Collection Set: 10.8ms
[2025-02-03T00:04:15.227+0530][gc,phases    ] GC(0)   Post Evacuate Collection Set: 0.4ms
[2025-02-03T00:04:15.227+0530][gc,phases    ] GC(0)   Other: 0.5ms
[2025-02-03T00:04:15.227+0530][gc,heap      ] GC(0) Eden regions: 25->0(21)
[2025-02-03T00:04:15.228+0530][gc,heap      ] GC(0) Survivor regions: 0->4(4)
[2025-02-03T00:04:15.228+0530][gc,heap      ] GC(0) Old regions: 0->4
[2025-02-03T00:04:15.228+0530][gc,heap      ] GC(0) Humongous regions: 0->0
[2025-02-03T00:04:15.228+0530][gc,metaspace ] GC(0) Metaspace: 14444K(14976K)->14444K(14976K) NonClass: 13019K(13312K)->13019K(13312K) Class: 1425K(1664K)->1425K(1664K)
[2025-02-03T00:04:15.228+0530][gc           ] GC(0) Pause Young (Normal) (G1 Evacuation Pause) 25M->7M(512M) 11.960ms
[2025-02-03T00:04:15.228+0530][gc,cpu       ] GC(0) User=0.04s Sys=0.01s Real=0.01s
[2025-02-03T00:50:57.188+0530][gc,heap,exit ] Heap
[2025-02-03T00:50:57.189+0530][gc,heap,exit ]  garbage-first heap   total 524288K, used 27601K [0x00000007e0000000, 0x0000000800000000)
[2025-02-03T00:50:57.190+0530][gc,heap,exit ]   region size 1024K, 24 young (24576K), 4 survivors (4096K)
[2025-02-03T00:50:57.190+0530][gc,heap,exit ]  Metaspace       used 17109K, capacity 17498K, committed 17792K, reserved 1064960K
[2025-02-03T00:50:57.190+0530][gc,heap,exit ]   class space    used 1658K, capacity 1795K, committed 1920K, reserved 1048576K
