[2025-02-07T14:10:37.777+0530][gc,heap] Heap region size: 1M
[2025-02-07T14:10:37.782+0530][gc     ] Using G1
[2025-02-07T14:10:37.782+0530][gc,heap,coops] Heap address: 0x00000007e0000000, size: 512 MB, Compressed Oops mode: Zero based, Oop shift amount: 3
[2025-02-07T14:10:39.858+0530][gc,start     ] GC(0) Pause Young (Normal) (G1 Evacuation Pause)
[2025-02-07T14:10:39.858+0530][gc,task      ] GC(0) Using 4 workers of 4 for evacuation
[2025-02-07T14:10:39.870+0530][gc,phases    ] GC(0)   Pre Evacuate Collection Set: 0.0ms
[2025-02-07T14:10:39.870+0530][gc,phases    ] GC(0)   Evacuate Collection Set: 11.3ms
[2025-02-07T14:10:39.870+0530][gc,phases    ] GC(0)   Post Evacuate Collection Set: 0.5ms
[2025-02-07T14:10:39.870+0530][gc,phases    ] GC(0)   Other: 0.5ms
[2025-02-07T14:10:39.870+0530][gc,heap      ] GC(0) Eden regions: 25->0(21)
[2025-02-07T14:10:39.870+0530][gc,heap      ] GC(0) Survivor regions: 0->4(4)
[2025-02-07T14:10:39.870+0530][gc,heap      ] GC(0) Old regions: 0->4
[2025-02-07T14:10:39.870+0530][gc,heap      ] GC(0) Humongous regions: 0->0
[2025-02-07T14:10:39.870+0530][gc,metaspace ] GC(0) Metaspace: 14448K(14976K)->14448K(14976K) NonClass: 13022K(13312K)->13022K(13312K) Class: 1425K(1664K)->1425K(1664K)
[2025-02-07T14:10:39.870+0530][gc           ] GC(0) Pause Young (Normal) (G1 Evacuation Pause) 25M->7M(512M) 12.419ms
[2025-02-07T14:10:39.870+0530][gc,cpu       ] GC(0) User=0.04s Sys=0.01s Real=0.02s
[2025-02-07T15:59:20.559+0530][gc,start     ] GC(1) Pause Young (Normal) (G1 Evacuation Pause)
[2025-02-07T15:59:20.561+0530][gc,task      ] GC(1) Using 4 workers of 4 for evacuation
[2025-02-07T15:59:20.576+0530][gc,phases    ] GC(1)   Pre Evacuate Collection Set: 0.8ms
[2025-02-07T15:59:20.576+0530][gc,phases    ] GC(1)   Evacuate Collection Set: 13.2ms
[2025-02-07T15:59:20.576+0530][gc,phases    ] GC(1)   Post Evacuate Collection Set: 0.7ms
[2025-02-07T15:59:20.576+0530][gc,phases    ] GC(1)   Other: 1.6ms
[2025-02-07T15:59:20.576+0530][gc,heap      ] GC(1) Eden regions: 21->0(24)
[2025-02-07T15:59:20.576+0530][gc,heap      ] GC(1) Survivor regions: 4->1(4)
[2025-02-07T15:59:20.576+0530][gc,heap      ] GC(1) Old regions: 4->8
[2025-02-07T15:59:20.576+0530][gc,heap      ] GC(1) Humongous regions: 0->0
[2025-02-07T15:59:20.576+0530][gc,metaspace ] GC(1) Metaspace: 17073K(17792K)->17073K(17792K) NonClass: 15420K(15872K)->15420K(15872K) Class: 1652K(1920K)->1652K(1920K)
[2025-02-07T15:59:20.576+0530][gc           ] GC(1) Pause Young (Normal) (G1 Evacuation Pause) 28M->8M(512M) 16.447ms
[2025-02-07T15:59:20.576+0530][gc,cpu       ] GC(1) User=0.02s Sys=0.02s Real=0.02s
[2025-02-07T15:59:20.578+0530][gc,heap,exit ] Heap
[2025-02-07T15:59:20.579+0530][gc,heap,exit ]  garbage-first heap   total 524288K, used 8955K [0x00000007e0000000, 0x0000000800000000)
[2025-02-07T15:59:20.579+0530][gc,heap,exit ]   region size 1024K, 2 young (2048K), 1 survivors (1024K)
[2025-02-07T15:59:20.579+0530][gc,heap,exit ]  Metaspace       used 17083K, capacity 17433K, committed 17792K, reserved 1064960K
[2025-02-07T15:59:20.579+0530][gc,heap,exit ]   class space    used 1653K, capacity 1795K, committed 1920K, reserved 1048576K
